[2026-02-09 07:41:00] === DRIVER LOGIN START ===
[2026-02-09 07:41:00] Config loaded
[2026-02-09 07:41:00] SUPABASE_URL: "https:\/\/gjfyzsjssummpnlkzhoh.supabase.co"
[2026-02-09 07:41:00] supabaseRequest function NOT found in config, defining it now
[2026-02-09 07:41:00] Raw input: "{\"college_code\":\"7282\",\"name\":\"Ajgg\",\"password\":\"Password\",\"expo_push_token\":\"ExponentPushToken[DG8sW6OvsTVcjN4Iw20bWn]\"}"
[2026-02-09 07:41:00] Decoded data: {"college_code":"7282","name":"Ajgg","password":"Password","expo_push_token":"ExponentPushToken[DG8sW6OvsTVcjN4Iw20bWn]"}
[2026-02-09 07:41:00] Extracted fields: {"college_code":"7282","name":"Ajgg","password_length":8,"has_push_token":true}
[2026-02-09 07:41:00] Attempting to fetch driver from Supabase
[2026-02-09 07:41:00] supabaseRequest called: {"endpoint":"\/rest\/v1\/drivers?college_code=eq.7282&name=eq.Ajgg&select=*","method":"GET"}
[2026-02-09 07:41:01] Supabase response: {"http_code":200,"curl_error":""}
[2026-02-09 07:41:01] Drivers fetched: {"count":1,"data":[{"id":5,"college_code":"7282","name":"Ajgg","password":"$2y$10$QWhYRVB3s2pYEDA9TLpwDu0nQQXOT7NJnLq38qTquWpRmbBzMOV3O","lat":8.6881236,"lng":77.7260722,"created_at":"2026-02-06T05:27:58.666033","ride":false,"expo_push_token":"ExponentPushToken[DG8sW6OvsTVcjN4Iw20bWn]"}]}
[2026-02-09 07:41:01] Driver found: {"id":5,"has_password":true}
[2026-02-09 07:41:02] Password verification: {"match":true}
[2026-02-09 07:41:02] Password verified successfully
[2026-02-09 07:41:02] Storing push token
[2026-02-09 07:41:02] supabaseRequest called: {"endpoint":"\/rest\/v1\/drivers?id=eq.5","method":"PATCH"}
[2026-02-09 07:41:02] Supabase response: {"http_code":204,"curl_error":""}
[2026-02-09 07:41:02] Sending success response: {"success":true,"driver":{"id":5,"lat":8.6881236,"lng":77.7260722,"ride":false}}
[2026-02-09 07:41:02] === DRIVER LOGIN SUCCESS ===
[2026-02-09 07:41:02] === DRIVER LOGIN END ===
[2026-02-09 07:46:40] === DRIVER LOGIN START ===
[2026-02-09 07:46:40] Config loaded
[2026-02-09 07:46:40] SUPABASE_URL: "https:\/\/gjfyzsjssummpnlkzhoh.supabase.co"
[2026-02-09 07:46:40] supabaseRequest function NOT found in config, defining it now
[2026-02-09 07:46:40] Raw input: "{\"college_code\":\"9500\",\"name\":\"Driver\",\"password\":\"Password\",\"expo_push_token\":\"ExponentPushToken[DG8sW6OvsTVcjN4Iw20bWn]\"}"
[2026-02-09 07:46:40] Decoded data: {"college_code":"9500","name":"Driver","password":"Password","expo_push_token":"ExponentPushToken[DG8sW6OvsTVcjN4Iw20bWn]"}
[2026-02-09 07:46:40] Extracted fields: {"college_code":"9500","name":"Driver","password_length":8,"has_push_token":true}
[2026-02-09 07:46:40] Attempting to fetch driver from Supabase
[2026-02-09 07:46:40] supabaseRequest called: {"endpoint":"\/rest\/v1\/drivers?college_code=eq.9500&name=eq.Driver&select=*","method":"GET"}
[2026-02-09 07:46:41] Supabase response: {"http_code":200,"curl_error":""}
[2026-02-09 07:46:41] Drivers fetched: {"count":1,"data":[{"id":6,"college_code":"9500","name":"Driver","password":"$2y$10$AnaQ9Dl3KIz2sY0Ex930..pkTexpVKY3GAD.bCalzMvqJ.QM5HMTq","lat":8.6862861,"lng":77.7265224,"created_at":"2026-02-09T06:28:29.165194","ride":false,"expo_push_token":"ExponentPushToken[DG8sW6OvsTVcjN4Iw20bWn]"}]}
[2026-02-09 07:46:41] Driver found: {"id":6,"has_password":true}
[2026-02-09 07:46:41] Password verification: {"match":true}
[2026-02-09 07:46:41] Password verified successfully
[2026-02-09 07:46:41] Storing push token
[2026-02-09 07:46:41] supabaseRequest called: {"endpoint":"\/rest\/v1\/drivers?id=eq.6","method":"PATCH"}
[2026-02-09 07:46:42] Supabase response: {"http_code":204,"curl_error":""}
[2026-02-09 07:46:42] Sending success response: {"success":true,"driver":{"id":6,"lat":8.6862861,"lng":77.7265224,"ride":false}}
[2026-02-09 07:46:42] === DRIVER LOGIN SUCCESS ===
[2026-02-09 07:46:42] === DRIVER LOGIN END ===
[2026-02-09 14:03:47] === DRIVER LOGIN START ===
[2026-02-09 14:03:47] Config loaded
[2026-02-09 14:03:47] SUPABASE_URL: "https:\/\/gjfyzsjssummpnlkzhoh.supabase.co"
[2026-02-09 14:03:47] supabaseRequest function NOT found in config, defining it now
[2026-02-09 14:03:47] Raw input: "{\"college_code\":\"9500\",\"name\":\"DRIVER\",\"password\":\"Passworf\",\"expo_push_token\":\"\"}"
[2026-02-09 14:03:47] Decoded data: {"college_code":"9500","name":"DRIVER","password":"Passworf","expo_push_token":""}
[2026-02-09 14:03:47] Extracted fields: {"college_code":"9500","name":"DRIVER","password_length":8,"has_push_token":false}
[2026-02-09 14:03:47] Attempting to fetch driver from Supabase
[2026-02-09 14:03:47] supabaseRequest called: {"endpoint":"\/rest\/v1\/drivers?college_code=eq.9500&name=eq.DRIVER&select=*","method":"GET"}
[2026-02-09 14:03:49] Supabase response: {"http_code":200,"curl_error":""}
[2026-02-09 14:03:50] Drivers fetched: {"count":0,"data":[]}
[2026-02-09 14:03:50] No driver found with these credentials
[2026-02-09 14:04:03] === DRIVER LOGIN START ===
[2026-02-09 14:04:03] Config loaded
[2026-02-09 14:04:03] SUPABASE_URL: "https:\/\/gjfyzsjssummpnlkzhoh.supabase.co"
[2026-02-09 14:04:03] supabaseRequest function NOT found in config, defining it now
[2026-02-09 14:04:03] Raw input: "{\"college_code\":\"9500\",\"name\":\"Driver\",\"password\":\"Password\",\"expo_push_token\":\"\"}"
[2026-02-09 14:04:03] Decoded data: {"college_code":"9500","name":"Driver","password":"Password","expo_push_token":""}
[2026-02-09 14:04:03] Extracted fields: {"college_code":"9500","name":"Driver","password_length":8,"has_push_token":false}
[2026-02-09 14:04:03] Attempting to fetch driver from Supabase
[2026-02-09 14:04:03] supabaseRequest called: {"endpoint":"\/rest\/v1\/drivers?college_code=eq.9500&name=eq.Driver&select=*","method":"GET"}
[2026-02-09 14:04:04] Supabase response: {"http_code":200,"curl_error":""}
[2026-02-09 14:04:04] Drivers fetched: {"count":1,"data":[{"id":6,"college_code":"9500","name":"Driver","password":"$2y$10$AnaQ9Dl3KIz2sY0Ex930..pkTexpVKY3GAD.bCalzMvqJ.QM5HMTq","lat":8.6862861,"lng":77.7265224,"created_at":"2026-02-09T06:28:29.165194","ride":false,"expo_push_token":"ExponentPushToken[DG8sW6OvsTVcjN4Iw20bWn]"}]}
[2026-02-09 14:04:04] Driver found: {"id":6,"has_password":true}
[2026-02-09 14:04:04] Password verification: {"match":true}
[2026-02-09 14:04:04] Password verified successfully
[2026-02-09 14:04:04] Sending success response: {"success":true,"driver":{"id":6,"lat":8.6862861,"lng":77.7265224,"ride":false}}
[2026-02-09 14:04:04] === DRIVER LOGIN SUCCESS ===
[2026-02-09 14:04:04] === DRIVER LOGIN END ===
[2026-02-10 05:32:51] === DRIVER LOGIN START ===
[2026-02-10 05:32:51] Config loaded
[2026-02-10 05:32:51] SUPABASE_URL: "https:\/\/gjfyzsjssummpnlkzhoh.supabase.co"
[2026-02-10 05:32:51] supabaseRequest function NOT found in config, defining it now
[2026-02-10 05:32:51] Raw input: "{\"college_code\":\"9500\",\"name\":\"DRIVER\",\"password\":\"Password\",\"expo_push_token\":\"ExponentPushToken[3tlV4qP37LMZkCw4ZSzEyG]\"}"
[2026-02-10 05:32:51] Decoded data: {"college_code":"9500","name":"DRIVER","password":"Password","expo_push_token":"ExponentPushToken[3tlV4qP37LMZkCw4ZSzEyG]"}
[2026-02-10 05:32:51] Extracted fields: {"college_code":"9500","name":"DRIVER","password_length":8,"has_push_token":true}
[2026-02-10 05:32:51] Attempting to fetch driver from Supabase
[2026-02-10 05:32:51] supabaseRequest called: {"endpoint":"\/rest\/v1\/drivers?college_code=eq.9500&name=eq.DRIVER&select=*","method":"GET"}
[2026-02-10 05:32:54] Supabase response: {"http_code":200,"curl_error":""}
[2026-02-10 05:32:54] Drivers fetched: {"count":0,"data":[]}
[2026-02-10 05:32:54] No driver found with these credentials
[2026-02-10 05:33:01] === DRIVER LOGIN START ===
[2026-02-10 05:33:01] Config loaded
[2026-02-10 05:33:01] SUPABASE_URL: "https:\/\/gjfyzsjssummpnlkzhoh.supabase.co"
[2026-02-10 05:33:01] supabaseRequest function NOT found in config, defining it now
[2026-02-10 05:33:01] Raw input: "{\"college_code\":\"9500\",\"name\":\"Driver\",\"password\":\"Password\",\"expo_push_token\":\"ExponentPushToken[3tlV4qP37LMZkCw4ZSzEyG]\"}"
[2026-02-10 05:33:01] Decoded data: {"college_code":"9500","name":"Driver","password":"Password","expo_push_token":"ExponentPushToken[3tlV4qP37LMZkCw4ZSzEyG]"}
[2026-02-10 05:33:01] Extracted fields: {"college_code":"9500","name":"Driver","password_length":8,"has_push_token":true}
[2026-02-10 05:33:01] Attempting to fetch driver from Supabase
[2026-02-10 05:33:01] supabaseRequest called: {"endpoint":"\/rest\/v1\/drivers?college_code=eq.9500&name=eq.Driver&select=*","method":"GET"}
[2026-02-10 05:33:06] Supabase response: {"http_code":200,"curl_error":""}
[2026-02-10 05:33:06] Drivers fetched: {"count":1,"data":[{"id":6,"college_code":"9500","name":"Driver","password":"$2y$10$AnaQ9Dl3KIz2sY0Ex930..pkTexpVKY3GAD.bCalzMvqJ.QM5HMTq","lat":8.6862861,"lng":77.7265224,"created_at":"2026-02-09T06:28:29.165194","ride":false,"expo_push_token":"ExponentPushToken[DG8sW6OvsTVcjN4Iw20bWn]"}]}
[2026-02-10 05:33:06] Driver found: {"id":6,"has_password":true}
[2026-02-10 05:33:06] Password verification: {"match":true}
[2026-02-10 05:33:06] Password verified successfully
[2026-02-10 05:33:06] Storing push token
[2026-02-10 05:33:06] supabaseRequest called: {"endpoint":"\/rest\/v1\/drivers?id=eq.6","method":"PATCH"}
[2026-02-10 05:33:07] Supabase response: {"http_code":204,"curl_error":""}
[2026-02-10 05:33:07] Sending success response: {"success":true,"driver":{"id":6,"lat":8.6862861,"lng":77.7265224,"ride":false}}
[2026-02-10 05:33:07] === DRIVER LOGIN SUCCESS ===
[2026-02-10 05:33:07] === DRIVER LOGIN END ===
[2026-02-10 06:19:22] === DRIVER LOGIN START ===
[2026-02-10 06:19:22] Config loaded
[2026-02-10 06:19:22] SUPABASE_URL: "https:\/\/gjfyzsjssummpnlkzhoh.supabase.co"
[2026-02-10 06:19:22] supabaseRequest function NOT found in config, defining it now
[2026-02-10 06:19:22] Raw input: "{\"college_code\":\"9500\",\"name\":\"Driver\",\"password\":\"Password\",\"expo_push_token\":\"ExponentPushToken[3tlV4qP37LMZkCw4ZSzEyG]\"}"
[2026-02-10 06:19:22] Decoded data: {"college_code":"9500","name":"Driver","password":"Password","expo_push_token":"ExponentPushToken[3tlV4qP37LMZkCw4ZSzEyG]"}
[2026-02-10 06:19:22] Extracted fields: {"college_code":"9500","name":"Driver","password_length":8,"has_push_token":true}
[2026-02-10 06:19:22] Attempting to fetch driver from Supabase
[2026-02-10 06:19:22] supabaseRequest called: {"endpoint":"\/rest\/v1\/drivers?college_code=eq.9500&name=eq.Driver&select=*","method":"GET"}
[2026-02-10 06:19:27] Supabase response: {"http_code":200,"curl_error":""}
[2026-02-10 06:19:27] Drivers fetched: {"count":1,"data":[{"id":6,"college_code":"9500","name":"Driver","password":"$2y$10$AnaQ9Dl3KIz2sY0Ex930..pkTexpVKY3GAD.bCalzMvqJ.QM5HMTq","lat":8.6862861,"lng":77.7265224,"created_at":"2026-02-09T06:28:29.165194","ride":false,"expo_push_token":"ExponentPushToken[3tlV4qP37LMZkCw4ZSzEyG]"}]}
[2026-02-10 06:19:27] Driver found: {"id":6,"has_password":true}
[2026-02-10 06:19:27] Password verification: {"match":true}
[2026-02-10 06:19:27] Password verified successfully
[2026-02-10 06:19:27] Storing push token
[2026-02-10 06:19:27] supabaseRequest called: {"endpoint":"\/rest\/v1\/drivers?id=eq.6","method":"PATCH"}
[2026-02-10 06:19:28] Supabase response: {"http_code":204,"curl_error":""}
[2026-02-10 06:19:28] Sending success response: {"success":true,"driver":{"id":6,"lat":8.6862861,"lng":77.7265224,"ride":false}}
[2026-02-10 06:19:28] === DRIVER LOGIN SUCCESS ===
[2026-02-10 06:19:28] === DRIVER LOGIN END ===
[2026-02-11 14:28:20] === DRIVER LOGIN START ===
[2026-02-11 14:28:20] Config loaded
[2026-02-11 14:28:20] SUPABASE_URL: "https:\/\/gjfyzsjssummpnlkzhoh.supabase.co"
[2026-02-11 14:28:20] supabaseRequest function NOT found in config, defining it now
[2026-02-11 14:28:20] Raw input: "{\"college_code\":\"9500\",\"name\":\"Driver\",\"password\":\"Password\",\"expo_push_token\":\"ExponentPushToken[3tlV4qP37LMZkCw4ZSzEyG]\"}"
[2026-02-11 14:28:20] Decoded data: {"college_code":"9500","name":"Driver","password":"Password","expo_push_token":"ExponentPushToken[3tlV4qP37LMZkCw4ZSzEyG]"}
[2026-02-11 14:28:20] Extracted fields: {"college_code":"9500","name":"Driver","password_length":8,"has_push_token":true}
[2026-02-11 14:28:20] Attempting to fetch driver from Supabase
[2026-02-11 14:28:20] supabaseRequest called: {"endpoint":"\/rest\/v1\/drivers?college_code=eq.9500&name=eq.Driver&select=*","method":"GET"}
[2026-02-11 14:28:34] Supabase response: {"http_code":200,"curl_error":""}
[2026-02-11 14:28:34] Drivers fetched: {"count":1,"data":[{"id":6,"college_code":"9500","name":"Driver","password":"$2y$10$AnaQ9Dl3KIz2sY0Ex930..pkTexpVKY3GAD.bCalzMvqJ.QM5HMTq","lat":8.6862861,"lng":77.7265224,"created_at":"2026-02-09T06:28:29.165194","ride":false,"expo_push_token":"ExponentPushToken[3tlV4qP37LMZkCw4ZSzEyG]"}]}
[2026-02-11 14:28:34] Driver found: {"id":6,"has_password":true}
[2026-02-11 14:28:35] Password verification: {"match":true}
[2026-02-11 14:28:35] Password verified successfully
[2026-02-11 14:28:35] Storing push token
[2026-02-11 14:28:35] supabaseRequest called: {"endpoint":"\/rest\/v1\/drivers?id=eq.6","method":"PATCH"}
[2026-02-11 14:28:36] Supabase response: {"http_code":204,"curl_error":""}
[2026-02-11 14:28:36] Sending success response: {"success":true,"driver":{"id":6,"lat":8.6862861,"lng":77.7265224,"ride":false}}
[2026-02-11 14:28:36] === DRIVER LOGIN SUCCESS ===
[2026-02-11 14:28:36] === DRIVER LOGIN END ===
[2026-02-12 05:44:20] === DRIVER LOGIN START ===
[2026-02-12 05:44:20] Config loaded
[2026-02-12 05:44:20] SUPABASE_URL: "https:\/\/gjfyzsjssummpnlkzhoh.supabase.co"
[2026-02-12 05:44:20] supabaseRequest function NOT found in config, defining it now
[2026-02-12 05:44:20] Raw input: "{\"college_code\":\"9500\",\"name\":\"Driver\",\"password\":\"Password\",\"expo_push_token\":\"ExponentPushToken[3tlV4qP37LMZkCw4ZSzEyG]\"}"
[2026-02-12 05:44:20] Decoded data: {"college_code":"9500","name":"Driver","password":"Password","expo_push_token":"ExponentPushToken[3tlV4qP37LMZkCw4ZSzEyG]"}
[2026-02-12 05:44:20] Extracted fields: {"college_code":"9500","name":"Driver","password_length":8,"has_push_token":true}
[2026-02-12 05:44:20] Attempting to fetch driver from Supabase
[2026-02-12 05:44:20] supabaseRequest called: {"endpoint":"\/rest\/v1\/drivers?college_code=eq.9500&name=eq.Driver&select=*","method":"GET"}
[2026-02-12 05:44:23] Supabase response: {"http_code":200,"curl_error":""}
[2026-02-12 05:44:23] Drivers fetched: {"count":1,"data":[{"id":6,"college_code":"9500","name":"Driver","password":"$2y$10$AnaQ9Dl3KIz2sY0Ex930..pkTexpVKY3GAD.bCalzMvqJ.QM5HMTq","lat":8.6862861,"lng":77.7265224,"created_at":"2026-02-09T06:28:29.165194","ride":false,"expo_push_token":"ExponentPushToken[3tlV4qP37LMZkCw4ZSzEyG]"}]}
[2026-02-12 05:44:23] Driver found: {"id":6,"has_password":true}
[2026-02-12 05:44:23] Password verification: {"match":true}
[2026-02-12 05:44:23] Password verified successfully
[2026-02-12 05:44:23] Storing push token
[2026-02-12 05:44:23] supabaseRequest called: {"endpoint":"\/rest\/v1\/drivers?id=eq.6","method":"PATCH"}
[2026-02-12 05:44:24] Supabase response: {"http_code":204,"curl_error":""}
[2026-02-12 05:44:24] Sending success response: {"success":true,"driver":{"id":6,"lat":8.6862861,"lng":77.7265224,"ride":false}}
[2026-02-12 05:44:24] === DRIVER LOGIN SUCCESS ===
[2026-02-12 05:44:24] === DRIVER LOGIN END ===
[2026-02-12 05:55:52] === DRIVER LOGIN START ===
[2026-02-12 05:55:52] Config loaded
[2026-02-12 05:55:52] SUPABASE_URL: "https:\/\/gjfyzsjssummpnlkzhoh.supabase.co"
[2026-02-12 05:55:52] supabaseRequest function NOT found in config, defining it now
[2026-02-12 05:55:52] Raw input: "{\"college_code\":\"9500\",\"name\":\"DRIVER\",\"password\":\"Password\",\"expo_push_token\":\"ExponentPushToken[3tlV4qP37LMZkCw4ZSzEyG]\"}"
[2026-02-12 05:55:52] Decoded data: {"college_code":"9500","name":"DRIVER","password":"Password","expo_push_token":"ExponentPushToken[3tlV4qP37LMZkCw4ZSzEyG]"}
[2026-02-12 05:55:52] Extracted fields: {"college_code":"9500","name":"DRIVER","password_length":8,"has_push_token":true}
[2026-02-12 05:55:52] Attempting to fetch driver from Supabase
[2026-02-12 05:55:52] supabaseRequest called: {"endpoint":"\/rest\/v1\/drivers?college_code=eq.9500&name=eq.DRIVER&select=*","method":"GET"}
[2026-02-12 05:55:53] Supabase response: {"http_code":200,"curl_error":""}
[2026-02-12 05:55:54] Drivers fetched: {"count":0,"data":[]}
[2026-02-12 05:55:54] No driver found with these credentials
[2026-02-12 05:55:59] === DRIVER LOGIN START ===
[2026-02-12 05:55:59] Config loaded
[2026-02-12 05:55:59] SUPABASE_URL: "https:\/\/gjfyzsjssummpnlkzhoh.supabase.co"
[2026-02-12 05:55:59] supabaseRequest function NOT found in config, defining it now
[2026-02-12 05:55:59] Raw input: "{\"college_code\":\"9500\",\"name\":\"Driver\",\"password\":\"Password\",\"expo_push_token\":\"ExponentPushToken[3tlV4qP37LMZkCw4ZSzEyG]\"}"
[2026-02-12 05:55:59] Decoded data: {"college_code":"9500","name":"Driver","password":"Password","expo_push_token":"ExponentPushToken[3tlV4qP37LMZkCw4ZSzEyG]"}
[2026-02-12 05:55:59] Extracted fields: {"college_code":"9500","name":"Driver","password_length":8,"has_push_token":true}
[2026-02-12 05:55:59] Attempting to fetch driver from Supabase
[2026-02-12 05:55:59] supabaseRequest called: {"endpoint":"\/rest\/v1\/drivers?college_code=eq.9500&name=eq.Driver&select=*","method":"GET"}
[2026-02-12 05:56:00] Supabase response: {"http_code":200,"curl_error":""}
[2026-02-12 05:56:00] Drivers fetched: {"count":1,"data":[{"id":6,"college_code":"9500","name":"Driver","password":"$2y$10$AnaQ9Dl3KIz2sY0Ex930..pkTexpVKY3GAD.bCalzMvqJ.QM5HMTq","lat":8.6862861,"lng":77.7265224,"created_at":"2026-02-09T06:28:29.165194","ride":false,"expo_push_token":"ExponentPushToken[3tlV4qP37LMZkCw4ZSzEyG]"}]}
[2026-02-12 05:56:00] Driver found: {"id":6,"has_password":true}
[2026-02-12 05:56:01] Password verification: {"match":true}
[2026-02-12 05:56:01] Password verified successfully
[2026-02-12 05:56:01] Storing push token
[2026-02-12 05:56:01] supabaseRequest called: {"endpoint":"\/rest\/v1\/drivers?id=eq.6","method":"PATCH"}
[2026-02-12 05:56:02] Supabase response: {"http_code":204,"curl_error":""}
[2026-02-12 05:56:02] Sending success response: {"success":true,"driver":{"id":6,"lat":8.6862861,"lng":77.7265224,"ride":false}}
[2026-02-12 05:56:02] === DRIVER LOGIN SUCCESS ===
[2026-02-12 05:56:02] === DRIVER LOGIN END ===
[2026-03-05 08:09:23] === DRIVER LOGIN START ===
[2026-03-05 08:09:23] Config loaded
[2026-03-05 08:09:23] SUPABASE_URL: "https:\/\/gjfyzsjssummpnlkzhoh.supabase.co"
[2026-03-05 08:09:23] supabaseRequest function NOT found in config, defining it now
[2026-03-05 08:09:23] Raw input: "{\"college_code\":\"9500\",\"name\":\"DRIVER\",\"password\":\"Password\",\"expo_push_token\":\"\"}"
[2026-03-05 08:09:23] Decoded data: {"college_code":"9500","name":"DRIVER","password":"Password","expo_push_token":""}
[2026-03-05 08:09:23] Extracted fields: {"college_code":"9500","name":"DRIVER","password_length":8,"has_push_token":false}
[2026-03-05 08:09:23] Attempting to fetch driver from Supabase
[2026-03-05 08:09:23] supabaseRequest called: {"endpoint":"\/rest\/v1\/drivers?college_code=eq.9500&name=eq.DRIVER&select=*","method":"GET"}
[2026-03-05 08:09:26] Supabase response: {"http_code":200,"curl_error":""}
[2026-03-05 08:09:26] Drivers fetched: {"count":0,"data":[]}
[2026-03-05 08:09:26] No driver found with these credentials
[2026-03-05 08:09:34] === DRIVER LOGIN START ===
[2026-03-05 08:09:34] Config loaded
[2026-03-05 08:09:34] SUPABASE_URL: "https:\/\/gjfyzsjssummpnlkzhoh.supabase.co"
[2026-03-05 08:09:34] supabaseRequest function NOT found in config, defining it now
[2026-03-05 08:09:34] Raw input: "{\"college_code\":\"9500\",\"name\":\"Driver\",\"password\":\"Password\",\"expo_push_token\":\"\"}"
[2026-03-05 08:09:34] Decoded data: {"college_code":"9500","name":"Driver","password":"Password","expo_push_token":""}
[2026-03-05 08:09:34] Extracted fields: {"college_code":"9500","name":"Driver","password_length":8,"has_push_token":false}
[2026-03-05 08:09:34] Attempting to fetch driver from Supabase
[2026-03-05 08:09:34] supabaseRequest called: {"endpoint":"\/rest\/v1\/drivers?college_code=eq.9500&name=eq.Driver&select=*","method":"GET"}
[2026-03-05 08:09:35] Supabase response: {"http_code":200,"curl_error":""}
[2026-03-05 08:09:35] Drivers fetched: {"count":1,"data":[{"id":6,"college_code":"9500","name":"Driver","password":"$2y$10$AnaQ9Dl3KIz2sY0Ex930..pkTexpVKY3GAD.bCalzMvqJ.QM5HMTq","lat":8.6862861,"lng":77.7265224,"created_at":"2026-02-09T06:28:29.165194","ride":false,"expo_push_token":"ExponentPushToken[3tlV4qP37LMZkCw4ZSzEyG]"}]}
[2026-03-05 08:09:35] Driver found: {"id":6,"has_password":true}
[2026-03-05 08:09:35] Password verification: {"match":true}
[2026-03-05 08:09:35] Password verified successfully
[2026-03-05 08:09:35] Sending success response: {"success":true,"driver":{"id":6,"lat":8.6862861,"lng":77.7265224,"ride":false}}
[2026-03-05 08:09:35] === DRIVER LOGIN SUCCESS ===
[2026-03-05 08:09:35] === DRIVER LOGIN END ===
